// Jest Snapshot v1, https://goo.gl/fbAQLP

exports[`Test component Information Check if component rendered correctly 1`] = `
<WithStyles(ForwardRef(Grid))
  container={true}
  spacing={1}
>
  <WithStyles(ForwardRef(Grid))
    item={true}
    xs={12}
  >
    <Styled(WithStyles(ForwardRef(TextField)))
      autoFocus={true}
      error={false}
      helperText="Insira seu e-mail"
      id="email"
      label="E-mail"
      margin="normal"
      onChange={[Function]}
      value=""
    />
  </WithStyles(ForwardRef(Grid))>
  <WithStyles(ForwardRef(Grid))
    item={true}
    xs={12}
  >
    <Styled(WithStyles(ForwardRef(TextField)))
      InputProps={
        Object {
          "endAdornment": <ToggleVisibility
            show={true}
            toggle={[Function]}
          />,
        }
      }
      error={false}
      helperText="Insira a senha"
      id="password"
      label="Senha"
      margin="normal"
      onChange={[Function]}
      type="password"
    />
  </WithStyles(ForwardRef(Grid))>
</WithStyles(ForwardRef(Grid))>
`;
